{
  "mrphs": [
    {
      "surf": "エンド",
      "dmid": 0,
      "tokens": ["エンド"],
      "arguments": {"ガ": [], "ヲ": [], "ニ": [], "ガ２": [], "ノ": ["NULL"], "=": ["NA"]},
      "arg_candidates": [1, 3, 4, 5, 7, 8, 9, 11],
      "ment_candidates": []
    },
    {
      "surf": "ユーザー",
      "dmid": 1,
      "tokens": ["ユーザー"],
      "arguments": {"ガ": [], "ヲ": [], "ニ": [], "ガ２": [], "ノ": ["NULL"], "=": ["NA"]},
      "arg_candidates": [0, 3, 4, 5, 7, 8, 9, 11],
      "ment_candidates": [0]
    },
    {
      "surf": "が",
      "dmid": 2,
      "tokens": ["が"],
      "arguments": {"ガ": [], "ヲ": [], "ニ": [], "ガ２": [], "ノ": [], "=": []},
      "arg_candidates": [],
      "ment_candidates": []
    },
    {
      "surf": "関心",
      "dmid": 3,
      "tokens": ["関心"],
      "arguments": {"ガ": [], "ヲ": [], "ニ": [], "ガ２": [], "ノ": ["1"], "=": ["NA"]},
      "arg_candidates": [0, 1, 4, 5, 7, 8, 9, 11],
      "ment_candidates": [0, 1]
    },
    {
      "surf": "有る",
      "dmid": 4,
      "tokens": ["有る"],
      "arguments": {"ガ": ["3"], "ヲ": ["NULL"], "ニ": ["5"], "ガ２": ["1"], "ノ": [], "=": []},
      "arg_candidates": [0, 1, 3, 5, 7, 8, 9, 11],
      "ment_candidates": []
    },
    {
      "surf": "病気",
      "dmid": 5,
      "tokens": ["病気"],
      "arguments": {"ガ": [], "ヲ": [], "ニ": [], "ガ２": [], "ノ": ["NULL"], "=": ["NA"]},
      "arg_candidates": [0, 1, 3, 4, 7, 8, 9, 11],
      "ment_candidates": [0, 1, 3, 4]
    },
    {
      "surf": "に",
      "dmid": 6,
      "tokens": ["に"],
      "arguments": {"ガ": [], "ヲ": [], "ニ": [], "ガ２": [], "ノ": [], "=": []},
      "arg_candidates": [],
      "ment_candidates": []
    },
    {
      "surf": "対して",
      "dmid": 7,
      "tokens": ["対して"],
      "arguments": {"ガ": ["NULL"], "ヲ": ["NULL"], "ニ": ["NULL"], "ガ２": ["NULL"], "ノ": [], "=": []},
      "arg_candidates": [0, 1, 3, 4, 5, 8, 9, 11],
      "ment_candidates": []
    },
    {
      "surf": "得意な",
      "dmid": 8,
      "tokens": ["得意な"],
      "arguments": {"ガ": ["5"], "ヲ": ["NULL"], "ニ": ["NULL"], "ガ２": ["9"], "ノ": [], "=": []},
      "arg_candidates": [0, 1, 3, 4, 5, 7, 9, 11],
      "ment_candidates": []
    },
    {
      "surf": "ドクター",
      "dmid": 9,
      "tokens": ["ドクター"],
      "arguments": {"ガ": [], "ヲ": [], "ニ": [], "ガ２": [], "ノ": ["NULL"], "=": ["NA"]},
      "arg_candidates": [0, 1, 3, 4, 5, 7, 8, 11],
      "ment_candidates": [0, 1, 3, 4, 5, 7, 8]
    },
    {
      "surf": "を",
      "dmid": 10,
      "tokens": ["を"],
      "arguments": {"ガ": [], "ヲ": [], "ニ": [], "ガ２": [], "ノ": [], "=": []},
      "arg_candidates": [],
      "ment_candidates": []
    },
    {
      "surf": "探して",
      "dmid": 11,
      "tokens": ["探して"],
      "arguments": {"ガ": ["著者"], "ヲ": ["9"], "ニ": ["NULL"], "ガ２": ["NULL"], "ノ": [], "=": []},
      "arg_candidates": [0, 1, 3, 4, 5, 7, 8, 9],
      "ment_candidates": []
    },
    {
      "surf": "い",
      "dmid": 12,
      "tokens": ["い"],
      "arguments": {"ガ": [], "ヲ": [], "ニ": [], "ガ２": [], "ノ": [], "=": []},
      "arg_candidates": [],
      "ment_candidates": []
    },
    {
      "surf": "ます",
      "dmid": 13,
      "tokens": ["ます"],
      "arguments": {"ガ": [], "ヲ": [], "ニ": [], "ガ２": [], "ノ": [], "=": []},
      "arg_candidates": [],
      "ment_candidates": []
    },
    {
      "surf": "。",
      "dmid": 14,
      "tokens": ["。"],
      "arguments": {"ガ": [], "ヲ": [], "ニ": [], "ガ２": [], "ノ": [], "=": []},
      "arg_candidates": [],
      "ment_candidates": []
    },
    {
      "surf": "そこ",
      "dmid": 15,
      "tokens": ["そこ"],
      "arguments": {"ガ": [], "ヲ": [], "ニ": [], "ガ２": [], "ノ": ["NULL"], "=": ["NA"]},
      "arg_candidates": [0, 1, 3, 4, 5, 7, 8, 9, 11, 17, 19, 21, 22, 24, 26],
      "ment_candidates": [0, 1, 3, 4, 5, 7, 8, 9, 11]
    },
    {
      "surf": "で",
      "dmid": 16,
      "tokens": ["で"],
      "arguments": {"ガ": [], "ヲ": [], "ニ": [], "ガ２": [], "ノ": [], "=": []},
      "arg_candidates": [],
      "ment_candidates": []
    },
    {
      "surf": "全国",
      "dmid": 17,
      "tokens": ["全国"],
      "arguments": {"ガ": [], "ヲ": [], "ニ": [], "ガ２": [], "ノ": ["NULL"], "=": ["NA"]},
      "arg_candidates": [0, 1, 3, 4, 5, 7, 8, 9, 11, 15, 19, 21, 22, 24, 26],
      "ment_candidates": [0, 1, 3, 4, 5, 7, 8, 9, 11, 15]
    },
    {
      "surf": "の",
      "dmid": 18,
      "tokens": ["の"],
      "arguments": {"ガ": [], "ヲ": [], "ニ": [], "ガ２": [], "ノ": [], "=": []},
      "arg_candidates": [],
      "ment_candidates": []
    },
    {
      "surf": "ドクター",
      "dmid": 19,
      "tokens": ["ドクター"],
      "arguments": {"ガ": [], "ヲ": [], "ニ": [], "ガ２": [], "ノ": ["NULL"], "=": ["NA"]},
      "arg_candidates": [0, 1, 3, 4, 5, 7, 8, 9, 11, 15, 17, 21, 22, 24, 26],
      "ment_candidates": [0, 1, 3, 4, 5, 7, 8, 9, 11, 15, 17]
    },
    {
      "surf": "を",
      "dmid": 20,
      "tokens": ["を"],
      "arguments": {"ガ": [], "ヲ": [], "ニ": [], "ガ２": [], "ノ": [], "=": []},
      "arg_candidates": [],
      "ment_candidates": []
    },
    {
      "surf": "簡単に",
      "dmid": 21,
      "tokens": ["簡単に"],
      "arguments": {"ガ": ["NULL"], "ヲ": ["NULL"], "ニ": ["NULL"], "ガ２": ["NULL"], "ノ": [], "=": []},
      "arg_candidates": [0, 1, 3, 4, 5, 7, 8, 9, 11, 15, 17, 19, 22, 24, 26],
      "ment_candidates": []
    },
    {
      "surf": "紹介",
      "dmid": 22,
      "tokens": ["紹介"],
      "arguments": {"ガ": ["不特定:人", "読者"], "ヲ": ["19"], "ニ": ["読者", "不特定:人"], "ガ２": ["NULL"], "ノ": [], "=": []},
      "arg_candidates": [0, 1, 3, 4, 5, 7, 8, 9, 11, 15, 17, 19, 21, 24, 26],
      "ment_candidates": []
    },
    {
      "surf": "できる",
      "dmid": 23,
      "tokens": ["できる"],
      "arguments": {"ガ": [], "ヲ": [], "ニ": [], "ガ２": [], "ノ": [], "=": []},
      "arg_candidates": [],
      "ment_candidates": []
    },
    {
      "surf": "コーナー",
      "dmid": 24,
      "tokens": ["コーナー"],
      "arguments": {"ガ": [], "ヲ": [], "ニ": [], "ガ２": [], "ノ": ["NULL"], "=": ["NA"]},
      "arg_candidates": [0, 1, 3, 4, 5, 7, 8, 9, 11, 15, 17, 19, 21, 22, 26],
      "ment_candidates": [0, 1, 3, 4, 5, 7, 8, 9, 11, 15, 17, 19, 21, 22]
    },
    {
      "surf": "を",
      "dmid": 25,
      "tokens": ["を"],
      "arguments": {"ガ": [], "ヲ": [], "ニ": [], "ガ２": [], "ノ": [], "=": []},
      "arg_candidates": [],
      "ment_candidates": []
    },
    {
      "surf": "設け",
      "dmid": 26,
      "tokens": ["設け"],
      "arguments": {"ガ": ["著者"], "ヲ": ["24"], "ニ": ["不特定:物"], "ガ２": ["NULL"], "ノ": [], "=": []},
      "arg_candidates": [0, 1, 3, 4, 5, 7, 8, 9, 11, 15, 17, 19, 21, 22, 24],
      "ment_candidates": []
    },
    {
      "surf": "ました",
      "dmid": 27,
      "tokens": ["ました"],
      "arguments": {"ガ": [], "ヲ": [], "ニ": [], "ガ２": [], "ノ": [], "=": []},
      "arg_candidates": [],
      "ment_candidates": []
    },
    {
      "surf": "。",
      "dmid": 28,
      "tokens": ["。"],
      "arguments": {"ガ": [], "ヲ": [], "ニ": [], "ガ２": [], "ノ": [], "=": []},
      "arg_candidates": [],
      "ment_candidates": []
    },
    {
      "surf": "ドクター",
      "dmid": 29,
      "tokens": ["ドクター"],
      "arguments": {"ガ": [], "ヲ": [], "ニ": [], "ガ２": [], "ノ": ["NULL"], "=": ["19"]},
      "arg_candidates": [0, 1, 3, 4, 5, 7, 8, 9, 11, 15, 17, 19, 21, 22, 24, 26, 31, 33, 35, 36, 38],
      "ment_candidates": [0, 1, 3, 4, 5, 7, 8, 9, 11, 15, 17, 19, 21, 22, 24, 26]
    },
    {
      "surf": "の",
      "dmid": 30,
      "tokens": ["の"],
      "arguments": {"ガ": [], "ヲ": [], "ニ": [], "ガ２": [], "ノ": [], "=": []},
      "arg_candidates": [],
      "ment_candidates": []
    },
    {
      "surf": "皆様",
      "dmid": 31,
      "tokens": ["皆", "##様"],
      "arguments": {"ガ": [], "ヲ": [], "ニ": [], "ガ２": [], "ノ": ["NULL"], "=": ["19", "29"]},
      "arg_candidates": [0, 1, 3, 4, 5, 7, 8, 9, 11, 15, 17, 19, 21, 22, 24, 26, 29, 33, 35, 36, 38],
      "ment_candidates": [0, 1, 3, 4, 5, 7, 8, 9, 11, 15, 17, 19, 21, 22, 24, 26, 29]
    },
    {
      "surf": "ご",
      "dmid": 32,
      "tokens": ["ご"],
      "arguments": {"ガ": [], "ヲ": [], "ニ": [], "ガ２": [], "ノ": [], "=": []},
      "arg_candidates": [],
      "ment_candidates": []
    },
    {
      "surf": "協力",
      "dmid": 33,
      "tokens": ["協力"],
      "arguments": {"ガ": ["31"], "ヲ": ["NULL"], "ニ": ["著者", "24"], "ガ２": ["NULL"], "ノ": ["NULL"], "=": ["NA"]},
      "arg_candidates": [0, 1, 3, 4, 5, 7, 8, 9, 11, 15, 17, 19, 21, 22, 24, 26, 29, 31, 35, 36, 38],
      "ment_candidates": [0, 1, 3, 4, 5, 7, 8, 9, 11, 15, 17, 19, 21, 22, 24, 26, 29, 31]
    },
    {
      "surf": "の",
      "dmid": 34,
      "tokens": ["の"],
      "arguments": {"ガ": [], "ヲ": [], "ニ": [], "ガ２": [], "ノ": [], "=": []},
      "arg_candidates": [],
      "ment_candidates": []
    },
    {
      "surf": "程",
      "dmid": 35,
      "tokens": ["程"],
      "arguments": {"ガ": [], "ヲ": [], "ニ": [], "ガ２": [], "ノ": ["33"], "=": ["NA"]},
      "arg_candidates": [0, 1, 3, 4, 5, 7, 8, 9, 11, 15, 17, 19, 21, 22, 24, 26, 29, 31, 33, 36, 38],
      "ment_candidates": [0, 1, 3, 4, 5, 7, 8, 9, 11, 15, 17, 19, 21, 22, 24, 26, 29, 31, 33]
    },
    {
      "surf": "よろしく",
      "dmid": 36,
      "tokens": ["よろ", "##しく"],
      "arguments": {"ガ": [], "ヲ": [], "ニ": [], "ガ２": [], "ノ": [], "=": []},
      "arg_candidates": [],
      "ment_candidates": []
    },
    {
      "surf": "お",
      "dmid": 37,
      "tokens": ["お"],
      "arguments": {"ガ": [], "ヲ": [], "ニ": [], "ガ２": [], "ノ": [], "=": []},
      "arg_candidates": [],
      "ment_candidates": []
    },
    {
      "surf": "願い",
      "dmid": 38,
      "tokens": ["願い"],
      "arguments": {"ガ": ["著者"], "ヲ": ["35"], "ニ": ["NULL"], "ガ２": ["NULL"], "ノ": [], "=": []},
      "arg_candidates": [0, 1, 3, 4, 5, 7, 8, 9, 11, 15, 17, 19, 21, 22, 24, 26, 29, 31, 33, 35, 36],
      "ment_candidates": []
    },
    {
      "surf": "申し上げ",
      "dmid": 39,
      "tokens": ["申し", "##上げ"],
      "arguments": {"ガ": [], "ヲ": [], "ニ": [], "ガ２": [], "ノ": [], "=": []},
      "arg_candidates": [],
      "ment_candidates": []
    },
    {
      "surf": "ます",
      "dmid": 40,
      "tokens": ["ます"],
      "arguments": {"ガ": [], "ヲ": [], "ニ": [], "ガ２": [], "ノ": [], "=": []},
      "arg_candidates": [],
      "ment_candidates": []
    },
    {
      "surf": "。",
      "dmid": 41,
      "tokens": ["。"],
      "arguments": {"ガ": [], "ヲ": [], "ニ": [], "ガ２": [], "ノ": [], "=": []},
      "arg_candidates": [],
      "ment_candidates": []
    }
  ]
}